// Jest Snapshot v1, https://goo.gl/fbAQLP

exports[`PortalEntry renders 1`] = `[Function]`;
