// Jest Snapshot v1, https://goo.gl/fbAQLP

exports[`RepeatableField renders with fieldset focusedField 1`] = `<DocumentFragment />`;

exports[`RepeatableField renders with text focusedField 1`] = `
<DocumentFragment>
  <b>
    Original Component
  </b>
</DocumentFragment>
`;
